[49m                                                  [0;0m
[49m                                                  [0;0m
[49m             [38;5;214m0000[49m      [38;5;35mc[38;5;29m::::[38;5;35m:[38;5;152mW[49m   [38;5;35m:[38;5;29m::[38;5;35m:[49m             [0;0m
[49m            [38;5;214m000000[49m     [38;5;35mc:[38;5;29m:::[38;5;35m::o[49m [38;5;35m::[38;5;29m::[38;5;35m::[49m            [0;0m
[49m            [38;5;214m0000000[49m      [38;5;35m::[38;5;29m:::[38;5;35m:::[38;5;29m:::[38;5;35m::[49m            [0;0m
[49m             [38;5;214mK000000[38;5;0m [49m     [38;5;35m::[38;5;29m:::::::[38;5;35m:c[49m             [0;0m
[49m        [38;5;214mX000000000000000000[38;5;142mk[38;5;35m:[38;5;29m::::[38;5;35m::[38;5;0m [49m              [0;0m
[49m       [38;5;214mK00000000000000000000[38;5;178mO[38;5;35m:[38;5;29m:::[38;5;35m::[49m     [38;5;32mccc[49m       [0;0m
[49m       [38;5;214mK000000[38;5;208mkxxxxk[38;5;214m000000000[38;5;106mx[38;5;35m:[38;5;29m:::[38;5;35m::[49m  [38;5;38mo[38;5;32mccccc[49m      [0;0m
[49m            [38;5;202mdddddddd[49m          [38;5;35mc:[38;5;29m:::[38;5;35m::[38;5;32mlcccccc[49m      [0;0m
[49m           [38;5;202mddddddd[38;5;0m [49m            [38;5;115m0[38;5;35m::[38;5;29m:::[38;5;32mcccccc[49m       [0;0m
[49m   [38;5;202mdddddddddddddd[49m                [38;5;35m::[38;5;29m:[38;5;32mccccccccccc[49m   [0;0m
[49m  [38;5;202mdddddddddddddl[49m                  [38;5;31mc[38;5;32mccccccccccccc[49m  [0;0m
[49m   [38;5;202mddddddddddd[38;5;160m,[38;5;124m..[49m                [38;5;32mcccccccccccccc[49m   [0;0m
[49m       [38;5;202mdddddd[38;5;160m'[38;5;124m....[49m              [38;5;32mccccccc[49m           [0;0m
[49m      [38;5;202mddddddo[38;5;124m......[38;5;160m'[49m          [38;5;32mccccccc[38;5;110m0[49m            [0;0m
[49m      [38;5;202mddddd[38;5;208mk[49m  [38;5;124m......[38;5;90m,[38;5;61m,,,,,,,,,[38;5;26m:[38;5;32m::::[38;5;26m:[38;5;61m,,,,,,,[49m       [0;0m
[49m       [38;5;202mddd[38;5;0m [49m    [38;5;124m......[38;5;61m,,,,,,,,,,,,,,,,,,,,,;[49m       [0;0m
[49m              [38;5;174mk[38;5;124m.......[38;5;54m,[38;5;61m,,,,,,,,,,,,,,,,,,[38;5;253mN[49m        [0;0m
[49m             [38;5;160m,[38;5;124m..........[38;5;61m,,,,,,,,,,,,;,,,[38;5;0m [49m         [0;0m
[49m            [38;5;124m'............[38;5;0m [49m     [38;5;61m,,,,,,;[49m            [0;0m
[49m            [38;5;124m......[49m [38;5;160m'[38;5;124m......[38;5;174mk[49m     [38;5;61m,,,,,;[49m            [0;0m
[49m             [38;5;124m.'''[49m   [38;5;167ml[38;5;124m'''''[38;5;160m'[49m      [38;5;61m;;;;[49m             [0;0m
[49m                                                  [0;0m
[49m                                                  [0;0m
