[38;5;15m [38;5;255m   [38;5;15m [38;5;255m  [38;5;15m [38;5;255m  [38;5;15m  [38;5;255m  [38;5;15m [38;5;255m  [38;5;15m [38;5;255m  [38;5;15m  [38;5;255m  [38;5;15m [38;5;255m  [38;5;15m [38;5;255m   [38;5;15m [38;5;255m  [38;5;15m [38;5;255m  [38;5;15m  [38;5;255m  [38;5;15m [38;5;255m  [38;5;15m [0;0m
[38;5;255m            [38;5;15m [38;5;255m [38;5;254m [38;5;181mK[38;5;175mxxxxO[38;5;182mX[38;5;211m0[38;5;252mN[38;5;116mK[38;5;81m00[38;5;74mO[38;5;80m0[38;5;153mN[38;5;255m         [38;5;15m [38;5;255m     [0;0m
[38;5;255m            [38;5;181mK[38;5;132mo[38;5;125m,'';[38;5;132ml[38;5;168mo[38;5;162mc;,;[38;5;168ml[38;5;139md[38;5;74mx[38;5;38mollo[38;5;80mO[38;5;153mN[38;5;255m            [0;0m
[38;5;15m [38;5;255m   [38;5;15m [38;5;255m  [38;5;15m [38;5;255m [38;5;223mW[38;5;181mX[38;5;168mollll[38;5;175mO[38;5;174mk[38;5;168mo[38;5;162m:;;;;;l[38;5;168mo[38;5;175mO[38;5;74mx[38;5;68mooood[38;5;253mNN[38;5;255m     [38;5;15m [38;5;255m  [38;5;15m [0;0m
[38;5;255m  [38;5;15m [38;5;255m  [38;5;15m [38;5;224m [38;5;180m0[38;5;167md[38;5;173mk[38;5;161m:,,,,;[38;5;174mO[38;5;166m::[38;5;167mo[38;5;168mdo[38;5;162mc[38;5;168moo[38;5;125m;,,[38;5;139mk[38;5;25m;;;;;[38;5;68mo[38;5;61mc[38;5;60m;[38;5;248mk[38;5;254m [38;5;15m [38;5;255m  [38;5;15m  [38;5;255m [0;0m
[38;5;15m [38;5;255m   [38;5;15m [38;5;180m0[38;5;166mll[38;5;167mo[38;5;168mx[38;5;161m,,,,,[38;5;175mO[38;5;167mc[38;5;166m::::[38;5;167mo[38;5;181mK[38;5;125m,,,,,[38;5;131m:[38;5;68mx[38;5;25m;;;;;[38;5;110mk[38;5;54m...[38;5;146mO[38;5;255m [38;5;15m [38;5;255m  [38;5;15m [0;0m
[38;5;255m    [38;5;223mW[38;5;166ml[38;5;167mox[38;5;175mk[38;5;174mx[38;5;167mccccc[38;5;181mK[38;5;168md[38;5;167ml[38;5;166m::c[38;5;174mk[38;5;124m,[38;5;174mx[38;5;125m,,,[38;5;132mc[38;5;168mo[38;5;146m0[38;5;61m:::::[38;5;109mk[38;5;67md[38;5;61mc[38;5;60m'.[38;5;188mW[38;5;255m    [0;0m
[38;5;255m   [38;5;15m [38;5;174mO[38;5;168md[38;5;162mc;;[38;5;175mk[38;5;124m,,,,,[38;5;167ml[38;5;168ml[38;5;162mc[38;5;168mo[38;5;167md[38;5;174mk[38;5;124m,,[38;5;167mc[38;5;132md[38;5;168ml[38;5;167ml[38;5;160m:[38;5;167md[38;5;60m,[38;5;54m....[38;5;60m'[38;5;110mk[38;5;25m;:[38;5;67mol[38;5;103mk[38;5;255m    [0;0m
[38;5;15m [38;5;255m  [38;5;217mX[38;5;162mc;;;;:[38;5;174mx[38;5;124m,,,,'[38;5;174mx[38;5;162m;;;[38;5;175mk[38;5;124m,,[38;5;167mcd[38;5;160m,,;[38;5;97ml[38;5;54m.....[38;5;103mx[38;5;31m:[38;5;25m;;;;[38;5;67ml[38;5;189m [38;5;255m  [38;5;15m [0;0m
[38;5;255m  [38;5;224mW[38;5;160m,[38;5;174mk[38;5;162m;;;c[38;5;168mod[38;5;175mOk[38;5;132mlccl[38;5;168moo[38;5;162m:;[38;5;174mx[38;5;124m,[38;5;174mk[38;5;160m,[38;5;161m:[38;5;131md[38;5;109mk[38;5;73mdddd[38;5;110mO0[38;5;74mOd[38;5;31m:[38;5;25m;;[38;5;31m:[38;5;110m0[38;5;38mo[38;5;195m [38;5;15m [38;5;255m [0;0m
[38;5;15m [38;5;255m [38;5;167m:[38;5;160m,:[38;5;169mxo[38;5;168mo[38;5;167mc[38;5;161m,,,:[38;5;168moo[38;5;131m:[38;5;125m,''[38;5;132mc[38;5;168mo[38;5;175mO[38;5;181mK[38;5;174mx[38;5;246mx[38;5;73md[38;5;36mlll[38;5;73md[38;5;74mkOx[38;5;38mddd[38;5;74mOk[38;5;68mo[38;5;74mk[38;5;38mol[38;5;74mk[38;5;255m [38;5;15m [0;0m
[38;5;255m  [38;5;160m:,;[38;5;216mX[38;5;173mk[38;5;167ml[38;5;161m,,,,,[38;5;167mcoolllo[38;5;174mO[38;5;187mN[38;5;188m [38;5;109m0[38;5;110mO[38;5;68moooo[38;5;74mxkx[38;5;38mdddd[38;5;74mdk[38;5;67md[38;5;110m0[38;5;38mlld[38;5;255m  [0;0m
[38;5;255m  [38;5;217mX[38;5;160m,[38;5;210mO[38;5;208mkkk[38;5;215m0[38;5;173mx[38;5;168mlxx[38;5;167mc[38;5;160m;;;[38;5;167ml[38;5;173mk[38;5;149m0[38;5;106mO[38;5;150mK[38;5;29m:[38;5;108mk[38;5;23m,[38;5;66ml[38;5;67mol[38;5;31mccc[38;5;68mo[38;5;74mkOk[38;5;68md[38;5;61mc[38;5;54m..[38;5;60m,[38;5;74mO[38;5;38ml[38;5;189m [38;5;255m  [0;0m
[38;5;15m [38;5;255m  [38;5;181mK[38;5;214mO[38;5;208mkkkkO[38;5;185mW[38;5;184mXXXXX[38;5;186mW[38;5;149mO[38;5;106mkk[38;5;149mK[38;5;71ml[38;5;29m:[38;5;71mo[38;5;65mc[38;5;23m''[38;5;65mc[38;5;115mO[38;5;73mddddd[38;5;109mk[38;5;54m.....[38;5;103mo[38;5;117mX[38;5;255m  [38;5;15m [0;0m
[38;5;255m  [38;5;15m  [38;5;215mX0[38;5;208mkkk[38;5;221mN[38;5;184mXXXXXN[38;5;149mK[38;5;106mk[38;5;149mK[38;5;185mX[38;5;186mN[38;5;29m::c[38;5;114m0[38;5;71md[38;5;65mc[38;5;23m'[38;5;72mx[38;5;37ml[38;5;36mllll[38;5;73md[38;5;61mc[38;5;54m..[38;5;60m.[38;5;61mc[38;5;103mx[38;5;255m [38;5;15m  [38;5;255m [0;0m
[38;5;15m [38;5;255m   [38;5;223m [38;5;215mKXKX[38;5;185mW[38;5;184mXXXXX[38;5;187m [38;5;185mXN[38;5;184mXXX[38;5;108mO[38;5;29m;[38;5;108mO[38;5;71moodxd[38;5;116mK[38;5;37moooll[38;5;109mO[38;5;61mc[38;5;67mlo[38;5;25m:[38;5;253mW[38;5;15m [38;5;255m  [38;5;15m [0;0m
[38;5;255m    [38;5;15m [38;5;221mN[38;5;215mKKX[38;5;149mXOOOOO[38;5;186mW[38;5;184mXXXXX[38;5;185mN[38;5;114m0[38;5;71mxooooo[38;5;150mX[38;5;149m00000[38;5;151mN[38;5;31mc[38;5;25m;;[38;5;110mk[38;5;255m     [0;0m
[38;5;255m  [38;5;15m [38;5;255m  [38;5;15m [38;5;223m [38;5;221mN[38;5;215mK[38;5;186mN[38;5;106mOkkkk[38;5;149m0[38;5;185mN[38;5;184mXXX[38;5;185mN[38;5;149m0[38;5;72mx[38;5;71mxxloo[38;5;114m0[38;5;106mOkkkk[38;5;149m0[38;5;74mx[38;5;31m:[38;5;74mx[38;5;152mX[38;5;15m [38;5;255m     [0;0m
[38;5;15m [38;5;255m   [38;5;15m [38;5;255m  [38;5;15m [38;5;255m [38;5;223mW[38;5;186mN[38;5;149mOOOOO[38;5;186mN[38;5;185mN[38;5;149m0[38;5;71mx[38;5;29m:;::c[38;5;71mdx[38;5;114mO[38;5;149mK[38;5;148mOOOO[38;5;149mO[38;5;187mN[38;5;146mK[38;5;254m [38;5;15m  [38;5;255m  [38;5;15m [38;5;255m  [38;5;15m [0;0m
[38;5;255m  [38;5;15m [38;5;255m  [38;5;15m  [38;5;255m  [38;5;15m [38;5;255m  [38;5;151mX[38;5;71mkdddxxo[38;5;29m:::::[38;5;71mo[38;5;65moc[38;5;29m:::[38;5;65mo[38;5;151mK[38;5;255m   [38;5;15m [38;5;255m  [38;5;15m [38;5;255m  [38;5;15m  [38;5;255m [0;0m
[38;5;255m              [38;5;252mW[38;5;114m0[38;5;71mxxxk[38;5;114m0[38;5;108mO[38;5;72mx[38;5;108mO[38;5;72mx[38;5;65mcccc[38;5;108mk[38;5;253mW[38;5;255m              [0;0m
[38;5;255m                                             [0;0m
