[38;5;255m                                [38;5;223m [38;5;222m [38;5;215m [38;5;214m  [38;5;221m [38;5;223m [38;5;224m [0;0m
[38;5;255m                            [38;5;223m [38;5;222m [38;5;215m [38;5;214m00000[38;5;178m [38;5;136mo[38;5;240m:[38;5;23m'[0;0m
[38;5;255m                        [38;5;223m [38;5;222m [38;5;215m [38;5;214m 0000[38;5;178m [38;5;100mo[38;5;240m:[38;5;23m'....[0;0m
[38;5;255m                    [38;5;223m [38;5;222m [38;5;215m [38;5;214m00000[38;5;172m [38;5;100mo[38;5;240m:[38;5;23m.........[0;0m
[38;5;255m                [38;5;224m [38;5;222m [38;5;215m [38;5;214m 0000[38;5;172mx[38;5;101ml[38;5;240m;[38;5;23m.....[38;5;237m.[38;5;236m.[38;5;52m.[38;5;236m.[38;5;23m....[0;0m
[38;5;255m            [38;5;223m [38;5;222m [38;5;221m [38;5;214m 00000000[38;5;178m [38;5;136mo[38;5;240m:[38;5;239m,[38;5;66ml[38;5;109m [38;5;252m [38;5;131mc[38;5;1m...[38;5;236m.[38;5;23m....[0;0m
[38;5;255m        [38;5;224m [38;5;222m [38;5;215m [38;5;214m 0000[38;5;136mx[38;5;101ml[38;5;239m;[38;5;237m.[38;5;88m'[38;5;130m:[38;5;172md[38;5;214m 0000 [38;5;221m [38;5;222m [38;5;131mc[38;5;1m...[38;5;236m.[38;5;23m....[0;0m
[38;5;255m    [38;5;224m [38;5;222m [38;5;221m [38;5;214m 000[38;5;178m [38;5;136md[38;5;101mc[38;5;239m,[38;5;23m....[38;5;236m.[38;5;1m....[38;5;88m.[38;5;130m:[38;5;172mo[38;5;178m [38;5;214m000[38;5;130m:[38;5;1m...[38;5;236m.[38;5;23m....[0;0m
[38;5;224m [38;5;222m [38;5;221m [38;5;214m 000[38;5;178m [38;5;136md[38;5;65mc[38;5;239m,[38;5;23m.....[38;5;237m.[38;5;236m.[38;5;52m.[38;5;236m.[38;5;237m.[38;5;236m.[38;5;52m.[38;5;1m.....[38;5;88m.[38;5;130m;[38;5;166mo[38;5;130m:[38;5;1m...[38;5;236m.[38;5;23m....[0;0m
[38;5;88m.[38;5;130m;[38;5;166ml[38;5;178m [38;5;214m0000[38;5;172m [38;5;100mo[38;5;240m;[38;5;23m'[38;5;60m;[38;5;67md[38;5;146m [38;5;248m [38;5;1m...[38;5;236m.[38;5;23m...[38;5;60m:[38;5;181m [38;5;138md[38;5;131m:[38;5;88m.[38;5;130m;[38;5;166mo[38;5;178m [38;5;214m0[38;5;178m [38;5;166ml[38;5;130m;[38;5;237m.[38;5;23m....[0;0m
[38;5;1m....[38;5;88m.[38;5;130m;[38;5;172mo[38;5;178m [38;5;214m0000 [38;5;221m [38;5;223m [38;5;180m [38;5;1m...[38;5;236m.[38;5;23m...[38;5;60m:[38;5;223m [38;5;221m [38;5;214m 00000[38;5;172mx[38;5;101ml[38;5;239m;[38;5;23m.....[0;0m
[38;5;253m [38;5;174m [38;5;131ml[38;5;88m'[38;5;1m....[38;5;88m.[38;5;130m:[38;5;172md[38;5;214m 000[38;5;172md[38;5;1m...[38;5;236m.[38;5;23m...[38;5;239m,[38;5;214m0000[38;5;136mx[38;5;101ml[38;5;239m;[38;5;23m.........[0;0m
[38;5;255m    [38;5;253m [38;5;174m [38;5;131mc[38;5;88m.[38;5;1m....[38;5;88m'[38;5;130mc[38;5;172mxo[38;5;1m...[38;5;236m.[38;5;23m...[38;5;239m,[38;5;136mx[38;5;101ml[38;5;239m;[38;5;23m.....[38;5;237m.[38;5;236m.[38;5;52m.[38;5;236m.[38;5;23m....[0;0m
[38;5;255m        [38;5;253m [38;5;174m [38;5;131mc[38;5;88m.[38;5;1m.......[38;5;237m.[38;5;239m;[38;5;101ml[38;5;136mx[38;5;214m0[38;5;178m [38;5;100mo[38;5;240m;[38;5;23m.[38;5;60m:[38;5;103md[38;5;7m [38;5;95m:[38;5;1m...[38;5;236m.[38;5;23m....[0;0m
[38;5;255m            [38;5;252m [38;5;174m [38;5;131mc[38;5;88m.[38;5;1m....[38;5;88m'[38;5;130mc[38;5;172mx[38;5;214m00000[38;5;215m [38;5;222m [38;5;223m [38;5;131mc[38;5;1m...[38;5;236m.[38;5;23m....[0;0m
[38;5;255m                [38;5;252m [38;5;138m [38;5;131mc[38;5;88m.[38;5;1m....[38;5;130m,l[38;5;172m [38;5;214m0000[38;5;130m;[38;5;1m...[38;5;236m.[38;5;23m....[0;0m
[38;5;255m                    [38;5;252m [38;5;138m [38;5;131m:[38;5;1m....[38;5;88m.[38;5;130m;[38;5;166ml[38;5;178m [38;5;130m:[38;5;1m...[38;5;236m.[38;5;23m....[0;0m
[38;5;255m                        [38;5;252m [38;5;138mx[38;5;131m:[38;5;1m........[38;5;236m.[38;5;23m....[0;0m
[38;5;255m                            [38;5;251m [38;5;138mx[38;5;131m:[38;5;1m....[38;5;236m.[38;5;23m...[38;5;24m,[0;0m
[38;5;255m                                [38;5;251m [38;5;138mx[38;5;131m:[38;5;237m.[38;5;60m:[38;5;109m [38;5;252m [38;5;255m [0;0m
